Command: C:\Espressif\python_env\idf5.5_py3.11_env\Scripts\python.exe C:\Espressif\frameworks\esp-idf-v5.5.2\tools/idf_monitor.py -p COM3 -b 115200 --toolchain-prefix xtensa-esp32s3-elf- --target esp32s3 --revision 0 C:\Users\jakep\Documents\ESP32\salt_base_station\build\salt_base_station.elf C:\Users\jakep\Documents\ESP32\salt_base_station\build\bootloader\bootloader.elf --force-color -m 'C:\Espressif\python_env\idf5.5_py3.11_env\Scripts\python.exe' 'C:\Espressif\frameworks\esp-idf-v5.5.2\tools\idf.py' '-p' 'COM3'
k revision: v1.3
I (31�ESP-ROM:esp32s3-20210327
Build:Mar 27 2021
rst:0x1 (POWERON),boot:0x8 (SPI_FAST_FLASH_BOOT)
SPIWP:0xee
mode:DIO, clock div:1
load:0x3fce2820,len:0x158c
load:0x403c8700,len:0xd24
load:0x403cb700,len:0x2f34
entry 0x403c8924
[0;32mI (24) boot: ESP-IDF v5.5.2 2nd stage bootloader[0m
[0;32mI (25) boot: compile time Apr  7 2026 17:16:12[0m
[0;32mI (25) boot: Multicore bootloader[0m
[0;32mI (25) boot: chip revision: v0.2[0m
[0;32mI (28) boot: efuse block revision: v1.3[0m
[0;32mI (31) boot.esp32s3: Boot SPI Speed : 80MHz[0m
[0;32mI (35) boot.esp32s3: SPI Mode       : DIO[0m
[0;32mI (39) boot.esp32s3: SPI Flash Size : 2MB[0m
[0;32mI (43) boot: Enabling RNG early entropy source...[0m
[0;32mI (47) boot: Partition Table:[0m
[0;32mI (50) boot: ## Label            Usage          Type ST Offset   Length[0m
[0;32mI (56) boot:  0 nvs              WiFi data        01 02 00009000 00006000[0m
[0;32mI (63) boot:  1 phy_init         RF data          01 01 0000f000 00001000[0m
[0;32mI (69) boot:  2 factory          factory app      00 00 00010000 00100000[0m
[0;32mI (76) boot: End of partition table[0m
[0;32mI (79) esp_image: segment 0: paddr=00010020 vaddr=3c0a0020 size=20448h (132168) map[0m
[0;32mI (110) esp_image: segment 1: paddr=00030470 vaddr=3fc9d700 size=05074h ( 20596) load[0m
[0;32mI (114) esp_image: segment 2: paddr=000354ec vaddr=40374000 size=0ab2ch ( 43820) load[0m
[0;32mI (124) esp_image: segment 3: paddr=00040020 vaddr=42000020 size=97b04h (621316) map[0m
[0;32mI (234) esp_image: segment 4: paddr=000d7b2c vaddr=4037eb2c size=0eba8h ( 60328) load[0m
[0;32mI (247) esp_image: segment 5: paddr=000e66dc vaddr=50000000 size=00020h (    32) load[0m
[0;32mI (257) boot: Loaded app from partition at offset 0x10000[0m
[0;32mI (258) boot: Disabling RNG early entropy source...[0m
[0;32mI (268) cpu_start: Multicore app[0m
[0;32mI (276) cpu_start: GPIO 44 and 43 are used as console UART I/O pins[0m
[0;32mI (277) cpu_start: Pro cpu start user code[0m
[0;32mI (277) cpu_start: cpu freq: 160000000 Hz[0m
[0;32mI (278) app_init: Application information:[0m
[0;32mI (282) app_init: Project name:     salt_base_station[0m
[0;32mI (287) app_init: App version:      4573b94-dirty[0m
[0;32mI (291) app_init: Compile time:     Apr  7 2026 17:15:57[0m
[0;32mI (296) app_init: ELF file SHA256:  0f08b75a1...[0m
[0;32mI (301) app_init: ESP-IDF:          v5.5.2[0m
[0;32mI (305) efuse_init: Min chip rev:     v0.0[0m
[0;32mI (308) efuse_init: Max chip rev:     v0.99 [0m
[0;32mI (312) efuse_init: Chip rev:         v0.2[0m
[0;32mI (316) heap_init: Initializing. RAM available for dynamic allocation:[0m
[0;32mI (323) heap_init: At 3FCA73F8 len 00042318 (264 KiB): RAM[0m
[0;32mI (328) heap_init: At 3FCE9710 len 00005724 (21 KiB): RAM[0m
[0;32mI (333) heap_init: At 3FCF0000 len 00008000 (32 KiB): DRAM[0m
[0;32mI (338) heap_init: At 600FE000 len 00001FE8 (7 KiB): RTCRAM[0m
[0;32mI (344) spi_flash: detected chip: gd[0m
[0;32mI (347) spi_flash: flash io: dio[0m
[0;33mW (350) spi_flash: Detected size(8192k) larger than the size in the binary image header(2048k). Using the size in the binary image header.[0m
[0;33mW (362) i2c: This driver is an old driver, please migrate your application code to adapt `driver/i2c_master.h`[0m
[0;32mI (372) sleep_gpio: Configure to isolate all GPIO pins in sleep state[0m
[0;32mI (378) sleep_gpio: Enable automatic switching of GPIO sleep configuration[0m
[0;32mI (385) main_task: Started on CPU0[0m
[0;32mI (395) main_task: Calling app_main()[0m
[0;32mI (495) OLED: OLED ready[0m
[0;32mI (525) pp: pp rom version: e7ae62f[0m
[0;32mI (525) net80211: net80211 rom version: e7ae62f[0m
[0;32mI (535) wifi:wifi driver task: 3fcac1a8, prio:23, stack:6656, core=0[0m
[0;32mI (545) wifi:wifi firmware version: ee91c8c[0m
[0;32mI (545) wifi:wifi certification version: v7.0[0m
[0;32mI (545) wifi:config NVS flash: enabled[0m
[0;32mI (545) wifi:config nano formatting: disabled[0m
[0;32mI (545) wifi:Init data frame dynamic rx buffer num: 32[0m
[0;32mI (555) wifi:Init static rx mgmt buffer num: 5[0m
[0;32mI (555) wifi:Init management short buffer num: 32[0m
[0;32mI (565) wifi:Init dynamic tx buffer num: 32[0m
[0;32mI (565) wifi:Init static tx FG buffer num: 2[0m
[0;32mI (575) wifi:Init static rx buffer size: 1600[0m
[0;32mI (575) wifi:Init static rx buffer num: 10[0m
[0;32mI (575) wifi:Init dynamic rx buffer num: 32[0m
[0;32mI (585) wifi_init: rx ba win: 6[0m
[0;32mI (585) wifi_init: accept mbox: 6[0m
[0;32mI (585) wifi_init: tcpip mbox: 32[0m
[0;32mI (595) wifi_init: udp mbox: 6[0m
[0;32mI (595) wifi_init: tcp mbox: 6[0m
[0;32mI (595) wifi_init: tcp tx win: 5760[0m
[0;32mI (595) wifi_init: tcp rx win: 5760[0m
[0;32mI (605) wifi_init: tcp mss: 1440[0m
[0;32mI (605) wifi_init: WiFi IRAM OP enabled[0m
[0;32mI (605) wifi_init: WiFi RX IRAM OP enabled[0m
[0;33mW (625) wifi:Password length matches WPA2 standards, authmode threshold changes from OPEN to WPA2[0m
[0;32mI (685) phy_init: phy_version 711,97bcf0a2,Aug 25 2025,19:04:10[0m
[0;32mI (725) wifi:mode : sta (9c:13:9e:a2:06:70)[0m
[0;32mI (725) wifi:enable tsf[0m
[0;32mI (735) BASE: Trying STA connect...[0m
[0;33mW (3135) BASE: STA disconnected, retrying...[0m
[0;33mW (5545) BASE: STA disconnected, retrying...[0m
[0;33mW (7955) BASE: STA disconnected, retrying...[0m
[0;33mW (10365) BASE: STA disconnected, retrying...[0m
[0;33mW (12735) BASE: STA failed. Starting AP mode...[0m
[0;32mI (12735) wifi:flush txq[0m
[0;32mI (12735) wifi:stop sw txq[0m
[0;32mI (12735) wifi:lmac stop hw txq[0m
[0;32mI (12745) wifi:mode : softAP (9c:13:9e:a2:06:71)[0m
[0;32mI (12745) wifi:Total power save buffer number: 16[0m
[0;32mI (12755) wifi:Init max length of beacon: 752/752[0m
[0;32mI (12755) wifi:Init max length of beacon: 752/752[0m
[0;32mI (12755) BASE: AP started. SSID=SaltRobot_Base (AP IP is usually 192.168.4.1)[0m
[0;32mI (12755) esp_netif_lwip: DHCP server started on interface WIFI_AP_DEF with IP: 192.168.4.1[0m
[0;32mI (12775) mdns_mem: mDNS task will be created from internal RAM[0m
[0;32mI (12775) BASE: mDNS started: http://base-station.local[0m
[0;32mI (12785) BASE: HTTP server: GET /status, POST /command, GET /last_lora[0m
[0;32mI (12785) BASE: Initializing LoRa...[0m
[0;32mI (12785) RA01S: CONFIG_MISO_GPIO=11[0m
[0;32mI (12795) RA01S: CONFIG_MOSI_GPIO=10[0m
[0;32mI (12795) RA01S: CONFIG_SCLK_GPIO=9[0m
[0;32mI (12795) RA01S: CONFIG_NSS_GPIO=8[0m
[0;32mI (12805) RA01S: CONFIG_RST_GPIO=12[0m
[0;32mI (12805) RA01S: CONFIG_BUSY_GPIO=13[0m
[0;32mI (12805) RA01S: CONFIG_TXEN_GPIO=-1[0m
[0;32mI (12815) RA01S: CONFIG_RXEN_GPIO=-1[0m
[0;32mI (12815) RA01S: spi_bus_initialize=0[0m
[0;32mI (12815) RA01S: spi_bus_add_device=0[0m
[0;32mI (12865) RA01S: syncWord=0x1424[0m
[0;32mI (12865) RA01S: SX126x installed[0m
[0;33mW (12865) RA01S: WriteCommand2 status=0a retry=1[0m
[0;32mI (12865) RA01S: tcxoVoltage=3.300000[0m
[0;32mI (12885) RA01S: useRegulatorLDO=1[0m
[0;32mI (12905) RA01S: SetStopRxTimerOnPreambleDetect enable=0[0m
[0;32mI (12945) BASE: LoRa ready @ 915000000 Hz[0m
[0;32mI (12945) main_task: Returned from app_main()[0m
