Command: C:\Espressif\tools\python\v6.0\venv\Scripts\python.exe C:\esp\v6.0\esp-idf\tools/idf_monitor.py -p COM3 -b 115200 --toolchain-prefix xtensa-esp32s3-elf- --target esp32s3 --revision 0 C:\Users\jakep\Documents\ESP32\salt_base_station\build\salt_base_station.elf C:\Users\jakep\Documents\ESP32\salt_base_station\build\bootloader\bootloader.elf --force-color -m 'C:\Espressif\tools\python\v6.0\venv\Scripts\python.exe' 'C:\esp\v6.0\esp-idf\tools\idf.py' '-p' 'COM3'
�revision: v1.3
[0;32mI (32) boot�ESP-ROM:esp32s3-20210327[0m
Build:Mar 27 2021
rst:0x1 (POWERON),boot:0x8 (SPI_FAST_FLASH_BOOT)
SPIWP:0xee
mode:DIO, clock div:1
load:0x3fce2820,len:0x14f0
load:0x403c8700,len:0xda0
load:0x403cb700,len:0x2f58
entry 0x403c8908
[0;32mI (24) boot: ESP-IDF -128-NOTFOUND 2nd stage bootloader[0m
[0;32mI (25) boot: compile time Apr  9 2026 13:28:47[0m
[0;32mI (25) boot: Multicore bootloader[0m
[0;32mI (26) boot: chip revision: v0.2[0m
[0;32mI (28) boot: efuse block revision: v1.3[0m
[0;32mI (32) boot.esp32s3: Boot SPI Speed : 80MHz[0m
[0;32mI (36) boot.esp32s3: SPI Mode       : DIO[0m
[0;32mI (39) boot.esp32s3: SPI Flash Size : 2MB[0m
[0;32mI (43) boot: Enabling RNG early entropy source...[0m
[0;32mI (48) boot: Partition Table:[0m
[0;32mI (50) boot: ## Label            Usage          Type ST Offset   Length[0m
[0;32mI (57) boot:  0 nvs              WiFi data        01 02 00009000 00006000[0m
[0;32mI (63) boot:  1 phy_init         RF data          01 01 0000f000 00001000[0m
[0;32mI (70) boot:  2 factory          factory app      00 00 00010000 00100000[0m
[0;32mI (76) boot: End of partition table[0m
[0;32mI (80) esp_image: segment 0: paddr=00010020 vaddr=3c0b0020 size=21af4h (137972) map[0m
[0;32mI (112) esp_image: segment 1: paddr=00031b1c vaddr=3fc9d800 size=05e20h ( 24096) load[0m
[0;32mI (117) esp_image: segment 2: paddr=00037944 vaddr=40374000 size=086d4h ( 34516) load[0m
[0;32mI (125) esp_image: segment 3: paddr=00040020 vaddr=42000020 size=a322ch (668204) map[0m
[0;32mI (245) esp_image: segment 4: paddr=000e3254 vaddr=4037c6d4 size=11118h ( 69912) load[0m
[0;32mI (261) esp_image: segment 5: paddr=000f4374 vaddr=50000000 size=00024h (    36) load[0m
[0;32mI (272) boot: Loaded app from partition at offset 0x10000[0m
[0;32mI (272) boot: Disabling RNG early entropy source...[0m
[0;32mI (282) cpu_start: Multicore app[0m
[0;32mI (290) cpu_start: GPIO 44 and 43 are used as console UART I/O pins[0m
[0;32mI (291) cpu_start: Pro cpu start user code[0m
[0;32mI (291) cpu_start: cpu freq: 160000000 Hz[0m
[0;32mI (293) app_init: Application information:[0m
[0;32mI (297) app_init: Project name:     salt_base_station[0m
[0;32mI (301) app_init: App version:      107b754-dirty[0m
[0;32mI (306) app_init: Compile time:     Apr  9 2026 13:26:53[0m
[0;32mI (311) app_init: ELF file SHA256:  76bc65827...[0m
[0;32mI (315) app_init: ESP-IDF:          -128-NOTFOUND[0m
[0;32mI (320) efuse_init: Min chip rev:     v0.0[0m
[0;32mI (323) efuse_init: Max chip rev:     v0.99 [0m
[0;32mI (327) efuse_init: Chip rev:         v0.2[0m
[0;32mI (331) heap_init: Initializing. RAM available for dynamic allocation:[0m
[0;32mI (338) heap_init: At 3FCA8480 len 00041290 (260 KiB): RAM[0m
[0;32mI (343) heap_init: At 3FCE9710 len 00005724 (21 KiB): RAM[0m
[0;32mI (348) heap_init: At 3FCF0000 len 00008000 (32 KiB): DRAM[0m
[0;32mI (353) heap_init: At 600FE000 len 00001FE8 (7 KiB): RTCRAM[0m
[0;32mI (359) spi_flash: detected chip: gd[0m
[0;32mI (362) spi_flash: flash io: dio[0m
[0;33mW (365) spi_flash: Detected size(8192k) larger than the size in the binary image header(2048k). Using the size in the binary image header.[0m
[0;33mW (377) i2c: This driver is an old driver, please migrate your application code to adapt `driver/i2c_master.h`[0m
[0;32mI (387) sleep_gpio: Configure to isolate all GPIO pins in sleep state[0m
[0;32mI (393) sleep_gpio: Enable automatic switching of GPIO sleep configuration[0m
[0;32mI (400) main_task: Started on CPU0[0m
[0;32mI (410) main_task: Calling app_main()[0m
[0;32mI (540) SSD1306: Legacy i2c driver is used[0m
[0;33mW (610) DISPLAY: OLED probe failed at 0x3C, error: 0x107[0m
[0;33mW (660) DISPLAY: OLED probe failed at 0x3D, error: 0x107[0m
[0;33mW (660) DISPLAY: OLED not found[0m
[0;32mI (660) pp: pp rom version: e7ae62f[0m
[0;32mI (660) net80211: net80211 rom version: e7ae62f[0m
[0;32mI (670) wifi:wifi driver task: 3fcad80c, prio:23, stack:6656, core=0[0m
[0;32mI (680) wifi:wifi firmware version: 44738b4[0m
[0;32mI (680) wifi:wifi certification version: v7.0[0m
[0;32mI (680) wifi:config NVS flash: enabled[0m
[0;32mI (680) wifi:config nano formatting: disabled[0m
[0;32mI (680) wifi:Init data frame dynamic rx buffer num: 32[0m
[0;32mI (690) wifi:Init static rx mgmt buffer num: 5[0m
[0;32mI (690) wifi:Init management short buffer num: 32[0m
[0;32mI (700) wifi:Init dynamic tx buffer num: 32[0m
[0;32mI (700) wifi:Init static tx FG buffer num: 2[0m
[0;32mI (710) wifi:Init static rx buffer size: 1600[0m
[0;32mI (710) wifi:Init static rx buffer num: 10[0m
[0;32mI (710) wifi:Init dynamic rx buffer num: 32[0m
[0;32mI (720) wifi_init: rx ba win: 6[0m
[0;32mI (720) wifi_init: accept mbox: 6[0m
[0;32mI (720) wifi_init: tcpip mbox: 32[0m
[0;32mI (730) wifi_init: udp mbox: 6[0m
[0;32mI (730) wifi_init: tcp mbox: 6[0m
[0;32mI (730) wifi_init: tcp tx win: 5760[0m
[0;32mI (740) wifi_init: tcp rx win: 5760[0m
[0;32mI (740) wifi_init: tcp mss: 1440[0m
[0;32mI (740) wifi_init: WiFi IRAM OP enabled[0m
[0;32mI (740) wifi_init: WiFi RX IRAM OP enabled[0m
[0;33mW (750) wifi:Password length matches WPA2 standards, authmode threshold changes from OPEN to WPA2[0m
[0;32mI (760) phy_init: phy_version 711,97bcf0a2,Aug 25 2025,19:04:10[0m
[0;32mI (800) wifi:mode : sta (9c:13:9e:a2:06:70)[0m
[0;32mI (810) wifi:enable tsf[0m
[0;32mI (810) BASE: Trying STA connect to GriffiniPhone...[0m
[0;32mI (820) wifi:new:<6,0>, old:<1,0>, ap:<255,255>, sta:<6,0>, prof:1, snd_ch_cfg:0x0[0m
[0;32mI (820) wifi:state: init -> auth (0xb0)[0m
[0;32mI (830) wifi:state: auth -> assoc (0x0)[0m
[0;32mI (830) wifi:state: assoc -> run (0x10)[0m
[0;32mI (870) wifi:connected with GriffiniPhone, aid = 1, channel 6, BW20, bssid = ae:45:61:1d:72:20[0m
[0;32mI (870) wifi:security: WPA2-PSK, phy: bgn, rssi: -44[0m
[0;32mI (870) wifi:pm start, type: 1[0m

[0;32mI (870) wifi:dp: 1, bi: 102400, li: 3, scale listen interval from 307200 us to 307200 us[0m
[0;32mI (880) wifi:set rx beacon pti, rx_bcn_pti: 0, bcn_timeout: 25000, mt_pti: 0, mt_time: 10000[0m
[0;32mI (890) wifi:AP's beacon interval = 102400 us, DTIM period = 1[0m
[0;32mI (1920) esp_netif_handlers: sta ip: 172.20.10.11, mask: 255.255.255.240, gw: 172.20.10.1[0m
[0;32mI (1920) BASE: STA connected (got IP).[0m
[0;32mI (1920) mdns_mem: mDNS task will be created from internal RAM[0m
[0;32mI (1920) BASE: mDNS started: http://base-station.local[0m
[0;32mI (1930) BASE: HTTP server ready: /status, /command, /last_lora, /setup/status, /setup/network[0m
[0;32mI (1930) BASE: Initializing LoRa...[0m
[0;32mI (1940) RA01S: CONFIG_MISO_GPIO=11[0m
[0;32mI (1940) RA01S: CONFIG_MOSI_GPIO=10[0m
[0;32mI (1940) RA01S: CONFIG_SCLK_GPIO=9[0m
[0;32mI (1950) RA01S: CONFIG_NSS_GPIO=8[0m
[0;32mI (1950) RA01S: CONFIG_RST_GPIO=12[0m
[0;32mI (1950) RA01S: CONFIG_BUSY_GPIO=13[0m
[0;32mI (1960) RA01S: CONFIG_TXEN_GPIO=-1[0m
[0;32mI (1960) RA01S: CONFIG_RXEN_GPIO=-1[0m
[0;32mI (1960) RA01S: spi_bus_initialize=0[0m
[0;32mI (1970) RA01S: spi_bus_add_device=0[0m
[0;32mI (2010) RA01S: syncWord=0x1424[0m
[0;32mI (2010) RA01S: SX126x installed[0m
[0;33mW (2010) RA01S: WriteCommand2 status=0a retry=1[0m
[0;32mI (2010) RA01S: tcxoVoltage=3.300000[0m
[0;32mI (2030) RA01S: useRegulatorLDO=1[0m
[0;32mI (2050) RA01S: SetStopRxTimerOnPreambleDetect enable=0[0m
[0;32mI (2090) BASE: LoRa ready @ 915000000 Hz[0m
[0;32mI (2090) main_task: Returned from app_main()[0m
