Command: C:\Espressif\tools\python\v6.0\venv\Scripts\python.exe C:\esp\v6.0\esp-idf\tools/idf_monitor.py -p COM3 -b 115200 --toolchain-prefix xtensa-esp32s3-elf- --target esp32s3 --revision 0 C:\Users\jakep\Documents\ESP32\salt_base_station\build\salt_base_station.elf C:\Users\jakep\Documents\ESP32\salt_base_station\build\bootloader\bootloader.elf --force-color -m 'C:\Espressif\tools\python\v6.0\venv\Scripts\python.exe' 'C:\esp\v6.0\esp-idf\tools\idf.py' '-p' 'COM3'
revision: v1.3
[0;32mI (32) �ESP-ROM:esp32s3-20210327[0m
Build:Mar 27 2021
rst:0x1 (POWERON),boot:0x8 (SPI_FAST_FLASH_BOOT)
SPIWP:0xee
mode:DIO, clock div:1
load:0x3fce2820,len:0x14f0
load:0x403c8700,len:0xda0
load:0x403cb700,len:0x2f58
entry 0x403c8908
[0;32mI (24) boot: ESP-IDF -128-NOTFOUND 2nd stage bootloader[0m
[0;32mI (25) boot: compile time Apr  9 2026 13:28:47[0m
[0;32mI (25) boot: Multicore bootloader[0m
[0;32mI (26) boot: chip revision: v0.2[0m
[0;32mI (28) boot: efuse block revision: v1.3[0m
[0;32mI (32) boot.esp32s3: Boot SPI Speed : 80MHz[0m
[0;32mI (36) boot.esp32s3: SPI Mode       : DIO[0m
[0;32mI (39) boot.esp32s3: SPI Flash Size : 2MB[0m
[0;32mI (43) boot: Enabling RNG early entropy source...[0m
[0;32mI (48) boot: Partition Table:[0m
[0;32mI (50) boot: ## Label            Usage          Type ST Offset   Length[0m
[0;32mI (57) boot:  0 nvs              WiFi data        01 02 00009000 00006000[0m
[0;32mI (63) boot:  1 phy_init         RF data          01 01 0000f000 00001000[0m
[0;32mI (70) boot:  2 factory          factory app      00 00 00010000 00100000[0m
[0;32mI (76) boot: End of partition table[0m
[0;32mI (80) esp_image: segment 0: paddr=00010020 vaddr=3c0b0020 size=2196ch (137580) map[0m
[0;32mI (112) esp_image: segment 1: paddr=00031994 vaddr=3fc9d800 size=05e20h ( 24096) load[0m
[0;32mI (117) esp_image: segment 2: paddr=000377bc vaddr=40374000 size=0885ch ( 34908) load[0m
[0;32mI (125) esp_image: segment 3: paddr=00040020 vaddr=42000020 size=a2d58h (666968) map[0m
[0;32mI (245) esp_image: segment 4: paddr=000e2d80 vaddr=4037c85c size=10f90h ( 69520) load[0m
[0;32mI (260) esp_image: segment 5: paddr=000f3d18 vaddr=50000000 size=00024h (    36) load[0m
[0;32mI (271) boot: Loaded app from partition at offset 0x10000[0m
[0;32mI (272) boot: Disabling RNG early entropy source...[0m
[0;32mI (282) cpu_start: Multicore app[0m
[0;32mI (290) cpu_start: GPIO 44 and 43 are used as console UART I/O pins[0m
[0;32mI (291) cpu_start: Pro cpu start user code[0m
[0;32mI (291) cpu_start: cpu freq: 160000000 Hz[0m
[0;32mI (292) app_init: Application information:[0m
[0;32mI (296) app_init: Project name:     salt_base_station[0m
[0;32mI (301) app_init: App version:      107b754-dirty[0m
[0;32mI (305) app_init: Compile time:     Apr  9 2026 13:26:53[0m
[0;32mI (310) app_init: ELF file SHA256:  db4ddcf12...[0m
[0;32mI (315) app_init: ESP-IDF:          -128-NOTFOUND[0m
[0;32mI (319) efuse_init: Min chip rev:     v0.0[0m
[0;32mI (323) efuse_init: Max chip rev:     v0.99 [0m
[0;32mI (327) efuse_init: Chip rev:         v0.2[0m
[0;32mI (331) heap_init: Initializing. RAM available for dynamic allocation:[0m
[0;32mI (337) heap_init: At 3FCA8480 len 00041290 (260 KiB): RAM[0m
[0;32mI (342) heap_init: At 3FCE9710 len 00005724 (21 KiB): RAM[0m
[0;32mI (347) heap_init: At 3FCF0000 len 00008000 (32 KiB): DRAM[0m
[0;32mI (353) heap_init: At 600FE000 len 00001FE8 (7 KiB): RTCRAM[0m
[0;32mI (359) spi_flash: detected chip: gd[0m
[0;32mI (361) spi_flash: flash io: dio[0m
[0;33mW (364) spi_flash: Detected size(8192k) larger than the size in the binary image header(2048k). Using the size in the binary image header.[0m
[0;33mW (376) i2c: This driver is an old driver, please migrate your application code to adapt `driver/i2c_master.h`[0m
[0;32mI (386) sleep_gpio: Configure to isolate all GPIO pins in sleep state[0m
[0;32mI (392) sleep_gpio: Enable automatic switching of GPIO sleep configuration[0m
[0;32mI (399) main_task: Started on CPU0[0m
[0;32mI (409) main_task: Calling app_main()[0m
[0;32mI (439) SSD1306: Legacy i2c driver is used[0m
[1;31mE (1439) SSD1306: OLED configuration failed. code: 0x107[0m
[1;31mE (2439) SSD1306: Image command failed. code: 0x107[0m
[1;31mE (3439) SSD1306: Image command failed. code: 0x107[0m
[1;31mE (4439) SSD1306: Image command failed. code: 0x107[0m
[1;31mE (5439) SSD1306: Image command failed. code: 0x107[0m
[1;31mE (6439) SSD1306: Image command failed. code: 0x107[0m
[1;31mE (7439) SSD1306: Image command failed. code: 0x107[0m
[1;31mE (8439) SSD1306: Image command failed. code: 0x107[0m
[1;31mE (9439) SSD1306: Image command failed. code: 0x107[0m
[1;31mE (10439) SSD1306: Image command failed. code: 0x107[0m
[1;31mE (11439) SSD1306: Image command failed. code: 0x107[0m
[1;31mE (12439) SSD1306: Image command failed. code: 0x107[0m
[1;31mE (13439) SSD1306: Image command failed. code: 0x107[0m
[1;31mE (14439) SSD1306: Image command failed. code: 0x107[0m
[1;31mE (15439) SSD1306: Image command failed. code: 0x107[0m
[1;31mE (16439) SSD1306: Image command failed. code: 0x107[0m
[1;31mE (17439) SSD1306: Image command failed. code: 0x107[0m
[1;31mE (18439) SSD1306: Image command failed. code: 0x107[0m
[1;31mE (19439) SSD1306: Image command failed. code: 0x107[0m
[1;31mE (20439) SSD1306: Image command failed. code: 0x107[0m
[1;31mE (21439) SSD1306: Image command failed. code: 0x107[0m
[1;31mE (22439) SSD1306: Image command failed. code: 0x107[0m
[1;31mE (23439) SSD1306: Image command failed. code: 0x107[0m
[1;31mE (24439) SSD1306: Image command failed. code: 0x107[0m
[1;31mE (25439) SSD1306: Image command failed. code: 0x107[0m
[1;31mE (26439) SSD1306: Image command failed. code: 0x107[0m
[1;31mE (27439) SSD1306: Image command failed. code: 0x107[0m
[1;31mE (28439) SSD1306: Image command failed. code: 0x107[0m
[1;31mE (29439) SSD1306: Image command failed. code: 0x107[0m
[1;31mE (30439) SSD1306: Image command failed. code: 0x107[0m
[1;31mE (31439) SSD1306: Image command failed. code: 0x107[0m
[1;31mE (32439) SSD1306: Image command failed. code: 0x107[0m
[1;31mE (33439) SSD1306: Image command failed. code: 0x107[0m
[1;31mE (34439) SSD1306: Image command failed. code: 0x107[0m
[1;31mE (35439) SSD1306: Image command failed. code: 0x107[0m
[1;31mE (36439) SSD1306: Image command failed. code: 0x107[0m
[1;31mE (37439) SSD1306: Image command failed. code: 0x107[0m
[1;31mE (38439) SSD1306: Image command failed. code: 0x107[0m
[1;31mE (39439) SSD1306: Image command failed. code: 0x107[0m
[1;31mE (40439) SSD1306: Image command failed. code: 0x107[0m
[1;31mE (41439) SSD1306: Image command failed. code: 0x107[0m
[1;31mE (42439) SSD1306: Image command failed. code: 0x107[0m
[1;31mE (43439) SSD1306: Image command failed. code: 0x107[0m
[1;31mE (44439) SSD1306: Image command failed. code: 0x107[0m
[1;31mE (45439) SSD1306: Image command failed. code: 0x107[0m
[1;31mE (46439) SSD1306: Image command failed. code: 0x107[0m
[1;31mE (47439) SSD1306: Image command failed. code: 0x107[0m
[1;31mE (48439) SSD1306: Image command failed. code: 0x107[0m
[1;31mE (49439) SSD1306: Image command failed. code: 0x107[0m
[1;31mE (50439) SSD1306: Image command failed. code: 0x107[0m
[1;31mE (51439) SSD1306: Image command failed. code: 0x107[0m
[1;31mE (52439) SSD1306: Image command failed. code: 0x107[0m
[1;31mE (53439) SSD1306: Image command failed. code: 0x107[0m
[1;31mE (54439) SSD1306: Image command failed. code: 0x107[0m
[1;31mE (55439) SSD1306: Image command failed. code: 0x107[0m
[1;31mE (56439) SSD1306: Image command failed. code: 0x107[0m
[1;31mE (57439) SSD1306: Image command failed. code: 0x107[0m
[1;31mE (58439) SSD1306: Image command failed. code: 0x107[0m
[1;31mE (59439) SSD1306: Image command failed. code: 0x107[0m
[1;31mE (60439) SSD1306: Image command failed. code: 0x107[0m
[1;31mE (61439) SSD1306: Image command failed. code: 0x107[0m
[1;31mE (62439) SSD1306: Image command failed. code: 0x107[0m
